################################
#*\*\*\*\*\*\*A*B*C*D*E*F*G*H*I#
#*\*\*\*\*\*\*\*\*\*\*\*\*\*\*L#
#*\*\*\*\*\*\*\*\*\*\*\*\*\*\ \#
#*\*\*\*\*\*\*\*\*\*\*\*\*\*\ \#
#*\*\*\*\*\*\*\*\*\*\*\*\*\*\*\#
#*\*\*\*\*\*\*\*\*\*\*\*\*\*\*\#
#*\*\*\*\*\*\*\*\*\*\*\*\*\*\*\#
#*\*\*\*\*\*\*\*\*\*\*\*\*\ \*\#
#*\*\*\*\*\*\*\*\*\*\*\*\ \ \*\#
#*\*\*\*\*\*\*\*\*\*\*\*\ \*\*\#
#*\*\*\*\*\*\*\*\*\*\*\*\*\*\*\#
#*\*\*\*\*\*\*\*\*\*\*\*\*\*\*\#
#*\*\*\*\*\*\*\*\*\*\*\*\*\*\*\#
#*\*\*\*\*\*\*\*\*\*\*\*\*\*\*\#
#*\*\*\*\*\*\*\*\*\*\*\*\*\*\*\#
#*\*\*\*\*\*\*\*\*\*\*\ \*\*\*\#
#*\*\*\*\*\*\*\*\*\*\*\ \*\*\*\#
#*\*\*\*\*\*\*\*\*\*\ \*\*\*\*\#
#*\*\*\*\*\*\*\*\*\*\ \*\*\*\*\#
#*\*\*\*\*\*\*\*\*\*\*\*\*\*\*\#
#*\*\*\*\*\*\*\*\*\*\*\*\*\*\*\#
#*\*\*\*\*\*\*\*\*\*\*\*\*\*\*\#
#*\*\*\*\*\*\*\*\*\*\*\*\*\*\*\#
#*\*\*\*\*\*\*\*\*\*\*\*\*\*\*\#
#*\*\*\*\*\*\*\*\*\*\*\*\*\*\*\#
#*\*\*\*\*\*\*\*\*\*\*\*\*\*\*\#
#*\*\*\*\*\*\*\*\*\*\*\*\*\*\*\#
#*\*\*\*\*\*\*\*\*\*\*\*\*\*\*\#
#*\*\*\*\*\*\*\*\*\*\*\*\*\*\*\#
#*\*\*\*\*\*\*\*\*\ \*\*\*\*\*\#
#*\*\*\*\*\*\*\*\*\ \*\*\*\*\*\#
#*\*\*\*\*\*\*\*\*\*\*\*\*\*\*\#
#*\*\*\*\*\*\*\*\*\*\*\*\*\*\*\#
#*\*\*\*\*\*\*\*\*\*\*\*\*\*\*\#
#*\*\*\*\*\*\*\*\*\*\*\*\*\*\*\#
#*\*\*\*\*\*\*\*\*\*\*\*\*\*\*\#
#*\*\*\*\*\*\*\*\*\*\*\*\*\*\*\#
#*\*\*\*\*\*\*\*\*\*\*\*\*\*\*\#
#*\*\*\*\*\*\*\*\*\*\*\*\*\*\*\#
#*\*\*\*\*\*\*\*\*\*\*\*\*\*\*\#
#*\*\*\*\*\*\*\*\ \*\*\*\*\*\*\#
#*\*\*\*\*\*\*\*\ \*\*\*\*\*\*\#
#*\*\*\*\*\*\*\*\*\*\*\*\*\*\*\#
#*\*\*\*\*\*\*\*\*\*\*\*\*\*\*\#
#*\*\*\*\*\*\*\*\*\*\*\*\*\*\*\#
#*\*\*\*\*\*\*\*\*\*\*\*\*\*\*\#
#*\*\*\*\*\*\*\*\*\*\*\*\*\*\*\#
#*\*\*\*\*\*\*\ \*\*\*\*\*\*\*\#
#*\*\*\*\*\*\*\ \*\*\*\*\*\*\*\#
#*\*\*\*\*\*\*\*\*\*\*\*\*\*\*\#
#*\*\*\*\*\*\*\*\*\*\*\*\*\*\*\#
#*\*\*\*\*\*\ \*\*\*\*\*\*\*\*\#
#*\*\*\*\*\*\ \*\*\*\*\*\*\*\*\#
#*\*\*\*\*\*\*\*\*\*\*\*\*\*\*\#
#*\*\*\*\*\*\*\*\*\*\*\*\*\*\*\#
#*\*\*\*\*\*\*\*\*\*\*\*\*\*\*\#
#*\*\*\*\*\*\*\*\*\*\*\*\*\*\*\#
#############*\*\*\*\*\*\*\*\*\#
#            *\*\*\*\*\*\*\*\*\#
#            *\*\*\*\*\*\*\*\*\#
#   R        *\*\*\*\*\*\*\*\*\#
#            *\*\*\*\*\*\*\*\*\#
#############*\*\*\*\*\*\*\*\*\#
#\ \ \ \ \ \ \ \ \ \ \ \ \ \ \ #
#\ \ \ \ \ \ \ \ \ \ \ \ \ \ \ #
#\ \ \ \ \ \ \ \ \ \ \ \ \ \ \ #
#\ \ \ \ \ \ \ \ \ \ \ \ \ \ \ #
#\ \ \ \ \ \ \ \ \ \ \ \ \ \ \ #
#\ \ \ \ \ \ \ \ \ \ \ \ \ \ \ #
#\ \ \ \ \ \ \ \ \ \ \ \ \ \ \ #
#\ \ \ \ \ \ \ \ \ \ \ \ \ \ \ #
#\ \ \ \ \ \ \ \ \ \ \ \ \ \ \ #
#\ \ \ \ \ \ \ \ \ \ \ \ \ \ \ #
#\ \ \ \ \ \ \ \ \ \ \ \ \ \ \ #
#\ \ \ \ \ \ \ \ \ \ \ \ \ \ \ #
#\ \ \ \ \ \ \ \ \ \ \ \ \ \ \ #
#\ \ \ \ \ \ \ \ \ \ \ \ \ \ \ #
#\ \ \ \ \ \ \ \ \ \ \ \ \ \ \ #
#\ \ \ \ \ \ \ \ \ \ \ \ \ \ \ #
#\ \ \ \ \ \ \ \ \ \ \ \ \ \ \ #
#\ \ \ \ \ \ \ \ \ \ \ \ \ \ \ #
#\ \ \ \ \ \ \ \ \ \ \ \ \ \ \ #
#\ \ \ \ \ \ \ \ \ \ \ \ \ \ \ #
#\ \ \ \ \ \ \ \ \ \ \ \ \ \ \ #
#\ \ \ \ \ \ \ \ \ \ \ \ \ \ \ #
#\ \ \ \ \ \ \ \ \ \ \ \ \ \ \ #
#\ \ \ \ \ \ \ \ \ \ \ \ \ \ \ #
#\ \ \ \ \ \ \ \ \ \ \ \ \ \ \ #
#\ \ \ \ \ \ \ \ \ \ \ \ \ \ \ #
#\ \ \ \ \ \ \ \ \ \ \ \ \ \ \ #
#\ \ \ \ \ \ \ \ \ \ \ \ \ \ \ #
#\ \ \ \ \ \ \ \ \ \ \ \ \ \ \ #
#\ \ \ \ \ \ \ \ \ \ \ \ \ \ \ #
#\ \ \ \ \ \ \ \ \ \ \ \ \ \ \ #
#\ \ \ \ \ \ \ \ \ \ \ \ \ \ \ #
#\ \ \ \ \ \ \ \ \ \ \ \ \ \ \ #
#\ \ \ \ \ \ \ \ \ \ \ \ \ \ \ #
#\ \ \ \ \ \ \ \ \ \ \ \ \ \ \ #
#\ \ \ \ \ \ \ \ \ \ \ \ \ \ \ #
#\ \ \ \ \ \ \ \ \ \ \ \ \ \ \ #
#\ \ \ \ \ \ \ \ \ \ \ \ \ \ \ #
#\ \ \ \ \ \ \ \ \ \ \ \ \ \ \ #
#\ \ \ \ \ \ \ \ \ \ \ \ \ \ \ #
#\ \ \ \ \ \ \ \ \ \ \ \ \ \ \ #
#\ \ \ \ \ \ \ \ \ \ \ \ \ \ \ #
#\ \ \ \ \ \ \ \ \ \ \ \ \ \ \ #
#\ \ \ \ \ \ \ \ \ \ \ \ \ \ \ #
#\ \ \ \ \ \ \ \ \ \ \ \ \ \ \ #
#\ \ \ \ \ \ \ \ \ \ \ \ \ \ \ #
#\ \ \ \ \ \ \ \ \ \ \ \ \ \ \ # 
#\ \ \ \ \ \ \ \ \ \ \ \ \ \ \ #
################################
#123456789                     #
################################

